Script started on Monday 17 February 2020 09:59:53 AM IST
]0;s4c1@cec-Veriton-Series: ~/ceccs18c07/cs232/1702[01;32ms4c1@cec-Veriton-Series[00m:[01;34m~/ceccs18c07/cs232/1702[00m$ ssh ceccs[K[K[K[K[Kcs18c07@192.168.0.30
.
              |
.  .    . .-. | .-..-. .--.--. .-.
 \  \  / (.-' |(  (   )|  |  |(.-'
  `' `'   `--'` `-'`-' '  '  ` `--'
cs18c07@192.168.0.30's password: 
Welcome to elementary OS 0.4.1 Loki (GNU/Linux 4.13.0-32-generic x86_64)

 * Website:  http://elementary.io/

402 packages can be updated.
0 updates are security updates.

Last login: Mon Feb 17 09:25:57 2020 from 192.168.0.82
$ ls
0702  3101  examples.desktop  sample
$ touc   c aa.txt
-sh: 2: touc: not found
$ touch aaa.  .txt
$ ls
0702  3101  aa.txt  examples.desktop  sample
$ rm aa, .txt
$ ls
0702  3101  examples.desktop  sample
$ exit
Connection to 192.168.0.30 closed.
]0;s4c1@cec-Veriton-Series: ~/ceccs18c07/cs232/1702[01;32ms4c1@cec-Veriton-Series[00m:[01;34m~/ceccs18c07/cs232/1702[00m$ rsync ce[Ks[K[Kavh/0302-avh/0302[C[C[C[C[C[C[C 2[1P2[C [1@ [C[C[C[C[C[1P[C[C[C[C/ [C s a m p l e / [1P [1P [1P [1P [1P [1P [1P [K[1P [1P [1P [1P [1P [K[1P [1P [1P a [C [K[1P [1P [K[1P [1P [1P [1P [1P s s h [C c s 1 8 c 0 7 @ 1 9 2 . 1 6 8 . 0 . 3 0 
.
              |
.  .    . .-. | .-..-. .--.--. .-.
 \  \  / (.-' |(  (   )|  |  |(.-'
  `' `'   `--'` `-'`-' '  '  ` `--'
cs18c07@192.168.0.30's password: 
Welcome to elementary OS 0.4.1 Loki (GNU/Linux 4.13.0-32-generic x86_64)

 * Website:  http://elementary.io/

402 packages can be updated.
0 updates are security updates.

Last login: Mon Feb 17 09:59:42 2020 from 192.168.0.82
$ mkdir xyx z. 
$ ls
0702  3101  examples.desktop  sample  xyz
$ exit    exit
Connection to 192.168.0.30 closed.
]0;s4c1@cec-Veriton-Series: ~/ceccs18c07/cs232/1702[01;32ms4c1@cec-Veriton-Series[00m:[01;34m~/ceccs18c07/cs232/1702[00m$ rsync cs18c07@192.168.0.30
rsync: link_stat "/home/s4c1/ceccs18c07/cs232/1702/cs18c07@192.168.0.30" failed: No such file or directory (2)
rsync error: some files/attrs were not transferred (see previous errors) (code 23) at main.c(1183) [sender=3.1.1]
]0;s4c1@cec-Veriton-Series: ~/ceccs18c07/cs232/1702[01;32ms4c1@cec-Veriton-Series[00m:[01;34m~/ceccs18c07/cs232/1702[00m$ rsync --version
rsync  version 3.1.1  protocol version 31
Copyright (C) 1996-2014 by Andrew Tridgell, Wayne Davison, and others.
Web site: http://rsync.samba.org/
Capabilities:
    64-bit files, 64-bit inums, 64-bit timestamps, 64-bit long ints,
    socketpairs, hardlinks, symlinks, IPv6, batchfiles, inplace,
    append, ACLs, xattrs, iconv, symtimes, prealloc

rsync comes with ABSOLUTELY NO WARRANTY.  This is free software, and you
are welcome to redistribute it under certain conditions.  See the GNU
General Public Licence for details.
]0;s4c1@cec-Veriton-Series: ~/ceccs18c07/cs232/1702[01;32ms4c1@cec-Veriton-Series[00m:[01;34m~/ceccs18c07/cs232/1702[00m$ [K]0;s4c1@cec-Veriton-Series: ~/ceccs18c07/cs232/1702[01;32ms4c1@cec-Veriton-Series[00m:[01;34m~/ceccs18c07/cs232/1702[00m$ ssh cs18c07@192.168.0.30
.
              |
.  .    . .-. | .-..-. .--.--. .-.
 \  \  / (.-' |(  (   )|  |  |(.-'
  `' `'   `--'` `-'`-' '  '  ` `--'
cs18c07@192.168.0.30's password: 
Welcome to elementary OS 0.4.1 Loki (GNU/Linux 4.13.0-32-generic x86_64)

 * Website:  http://elementary.io/

402 packages can be updated.
0 updates are security updates.

Last login: Mon Feb 17 10:11:21 2020 from 192.168.0.82
$ ^C
$ exit
Connection to 192.168.0.30 closed.
]0;s4c1@cec-Veriton-Series: ~/ceccs18c07/cs232/1702[01;32ms4c1@cec-Veriton-Series[00m:[01;34m~/ceccs18c07/cs232/1702[00m$ pwd
/home/s4c1/ceccs18c07/cs232/1702
]0;s4c1@cec-Veriton-Series: ~/ceccs18c07/cs232/1702[01;32ms4c1@cec-Veriton-Series[00m:[01;34m~/ceccs18c07/cs232/1702[00m$ cd cs232
bash: cd: cs232: No such file or directory
]0;s4c1@cec-Veriton-Series: ~/ceccs18c07/cs232/1702[01;32ms4c1@cec-Veriton-Series[00m:[01;34m~/ceccs18c07/cs232/1702[00m$ cd ..
]0;s4c1@cec-Veriton-Series: ~/ceccs18c07/cs232[01;32ms4c1@cec-Veriton-Series[00m:[01;34m~/ceccs18c07/cs232[00m$ cd ..cs232[5Ppwdssh cs18c07@192.168.0.30[9Prsync --versioncs18c07@192.168.0.30[1Pssh cs18c07@192.168.0.30 rsync cs18c07@192.168.0.30[C cs18c07@192.168.0.30- cs18c07@192.168.0.30w cs18c07@192.168.0.30[1P cs18c07@192.168.0.30a cs18c07@192.168.0.30[C cs18c07@192.168.0.301 cs18c07@192.168.0.307 cs18c07@192.168.0.300 cs18c07@192.168.0.302 cs18c07@192.168.0.30[C[C[C[C[C[C[C[C[C[C[C[C[C[C[C[C[C[C[C[C[C:aaa[K[K[K[K:xyz
.
              |
.  .    . .-. | .-..-. .--.--. .-.
 \  \  / (.-' |(  (   )|  |  |(.-'
  `' `'   `--'` `-'`-' '  '  ` `--'
cs18c07@192.168.0.30's password: 
]0;s4c1@cec-Veriton-Series: ~/ceccs18c07/cs232[01;32ms4c1@cec-Veriton-Series[00m:[01;34m~/ceccs18c07/cs232[00m$ rsync -a 1702 cs18c07@192.168.0.30:xyzcd ..[Kcs232[5Ppwdssh cs18c07@192.168.0.30
.
              |
.  .    . .-. | .-..-. .--.--. .-.
 \  \  / (.-' |(  (   )|  |  |(.-'
  `' `'   `--'` `-'`-' '  '  ` `--'
cs18c07@192.168.0.30's password: 
Welcome to elementary OS 0.4.1 Loki (GNU/Linux 4.13.0-32-generic x86_64)

 * Website:  http://elementary.io/

402 packages can be updated.
0 updates are security updates.

Last login: Mon Feb 17 10:18:04 2020 from 192.168.0.82
$ ls
0702  3101  examples.desktop  sample  xyz
$ ^[[A^[[A        exit
Connection to 192.168.0.30 closed.
]0;s4c1@cec-Veriton-Series: ~/ceccs18c07/cs232[01;32ms4c1@cec-Veriton-Series[00m:[01;34m~/ceccs18c07/cs232[00m$ scp cs18c07@192.168.0.30
usage: scp [-12346BCpqrv] [-c cipher] [-F ssh_config] [-i identity_file]
           [-l limit] [-o ssh_option] [-P port] [-S program]
           [[user@]host1:]file1 ... [[user@]host2:]file2
]0;s4c1@cec-Veriton-Series: ~/ceccs18c07/cs232[01;32ms4c1@cec-Veriton-Series[00m:[01;34m~/ceccs18c07/cs232[00m$ cd 1702
]0;s4c1@cec-Veriton-Series: ~/ceccs18c07/cs232/1702[01;32ms4c1@cec-Veriton-Series[00m:[01;34m~/ceccs18c07/cs232/1702[00m$ cat> abc.txt
^C
]0;s4c1@cec-Veriton-Series: ~/ceccs18c07/cs232/1702[01;32ms4c1@cec-Veriton-Series[00m:[01;34m~/ceccs18c07/cs232/1702[00m$ scp abc.txt cs18c07@192.168.0.30;[K:xyz
.
              |
.  .    . .-. | .-..-. .--.--. .-.
 \  \  / (.-' |(  (   )|  |  |(.-'
  `' `'   `--'` `-'`-' '  '  ` `--'
cs18c07@192.168.0.30's password: 
abc.txt                                                                                                      100%    0     0.0KB/s   00:00    
]0;s4c1@cec-Veriton-Series: ~/ceccs18c07/cs232/1702[01;32ms4c1@cec-Veriton-Series[00m:[01;34m~/ceccs18c07/cs232/1702[00m$ ssh cp abc.txt cs18c07@192.168.0.30:xyz[24Pcat> abc.txt[5Pd 1702scp cs18c07@192.168.0.30sh[C[C[C[C[C[C[C[C[C[C[C[C[C[C[C[C[C[C[C[C[C
.
              |
.  .    . .-. | .-..-. .--.--. .-.
 \  \  / (.-' |(  (   )|  |  |(.-'
  `' `'   `--'` `-'`-' '  '  ` `--'
cs18c07@192.168.0.30's password: 
Welcome to elementary OS 0.4.1 Loki (GNU/Linux 4.13.0-32-generic x86_64)

 * Website:  http://elementary.io/

402 packages can be updated.
0 updates are security updates.

Last login: Mon Feb 17 10:21:10 2020 from 192.168.0.82
$ ls
0702  3101  examples.desktop  sample  xyz
$ cd xyz
$ ls
1702  abc.txt
$ ^[[A    ^[[B^[[A^[[A            exit
Connection to 192.168.0.30 closed.
]0;s4c1@cec-Veriton-Series: ~/ceccs18c07/cs232/1702[01;32ms4c1@cec-Veriton-Series[00m:[01;34m~/ceccs18c07/cs232/1702[00m$ [K]0;s4c1@cec-Veriton-Series: ~/ceccs18c07/cs232/1702[01;32ms4c1@cec-Veriton-Series[00m:[01;34m~/ceccs18c07/cs232/1702[00m$ cat>report.txt
^C
]0;s4c1@cec-Veriton-Series: ~/ceccs18c07/cs232/1702[01;32ms4c1@cec-Veriton-Series[00m:[01;34m~/ceccs18c07/cs232/1702[00m$ exit
exit

Script done on Monday 17 February 2020 11:58:19 AM IST
